// Jest Snapshot v1, https://goo.gl/fbAQLP

exports[`migrations should match snapshot 1`] = `
Object {
  "_id": "migrations",
  "_rev": "1-a32b0b708e59eeb006ed5e063cfeb36a",
  "createdAt": "2020-01-01T00:00:00.000Z",
  "test": 1577836800000,
  "updatedAt": "2020-01-01T00:00:00.000Z",
}
`;
