// Jest Snapshot v1, https://goo.gl/fbAQLP

exports[`/views query returns data for the created view 1`] = `
[
  {
    "avg": 2333.3333333333335,
    "count": 3,
    "group": null,
    "max": 4000,
    "min": 1000,
    "sum": 7000,
    "sumsqr": 21000000,
  },
]
`;

exports[`/views query returns data for the created view using a group by 1`] = `
[
  {
    "avg": 1500,
    "count": 2,
    "group": "One",
    "max": 2000,
    "min": 1000,
    "sum": 3000,
    "sumsqr": 5000000,
  },
  {
    "avg": 4000,
    "count": 1,
    "group": "Two",
    "max": 4000,
    "min": 4000,
    "sum": 4000,
    "sumsqr": 16000000,
  },
]
`;
